// Vitest Snapshot v1, https://vitest.dev/guide/snapshot.html

exports[`App > renders Chapters 1`] = `
{
  "asFragment": [Function],
  "baseElement": <body>
    <div>
      <a
        class="link"
        href="/details"
      >
        <button
          class="btn btn-primary"
          type="button"
        >
          <svg
            fill="currentColor"
            height="1em"
            stroke="currentColor"
            stroke-width="0"
            viewBox="0 0 24 24"
            width="1em"
            xmlns="http://www.w3.org/2000/svg"
          >
            <path
              d="M6,12.4 L18,12.4 M12.6,7 L18,12.4 L12.6,17.8"
              fill="none"
              stroke="#000"
              stroke-width="2"
            />
          </svg>
        </button>
        <img
          alt="none"
          class="img-fluid"
          src="./"
        />
        <h2 />
        <p>
          Verses:
           
        </p>
      </a>
    </div>
  </body>,
  "container": <div>
    <a
      class="link"
      href="/details"
    >
      <button
        class="btn btn-primary"
        type="button"
      >
        <svg
          fill="currentColor"
          height="1em"
          stroke="currentColor"
          stroke-width="0"
          viewBox="0 0 24 24"
          width="1em"
          xmlns="http://www.w3.org/2000/svg"
        >
          <path
            d="M6,12.4 L18,12.4 M12.6,7 L18,12.4 L12.6,17.8"
            fill="none"
            stroke="#000"
            stroke-width="2"
          />
        </svg>
      </button>
      <img
        alt="none"
        class="img-fluid"
        src="./"
      />
      <h2 />
      <p>
        Verses:
         
      </p>
    </a>
  </div>,
  "debug": [Function],
  "findAllByAltText": [Function],
  "findAllByDisplayValue": [Function],
  "findAllByLabelText": [Function],
  "findAllByPlaceholderText": [Function],
  "findAllByRole": [Function],
  "findAllByTestId": [Function],
  "findAllByText": [Function],
  "findAllByTitle": [Function],
  "findByAltText": [Function],
  "findByDisplayValue": [Function],
  "findByLabelText": [Function],
  "findByPlaceholderText": [Function],
  "findByRole": [Function],
  "findByTestId": [Function],
  "findByText": [Function],
  "findByTitle": [Function],
  "getAllByAltText": [Function],
  "getAllByDisplayValue": [Function],
  "getAllByLabelText": [Function],
  "getAllByPlaceholderText": [Function],
  "getAllByRole": [Function],
  "getAllByTestId": [Function],
  "getAllByText": [Function],
  "getAllByTitle": [Function],
  "getByAltText": [Function],
  "getByDisplayValue": [Function],
  "getByLabelText": [Function],
  "getByPlaceholderText": [Function],
  "getByRole": [Function],
  "getByTestId": [Function],
  "getByText": [Function],
  "getByTitle": [Function],
  "queryAllByAltText": [Function],
  "queryAllByDisplayValue": [Function],
  "queryAllByLabelText": [Function],
  "queryAllByPlaceholderText": [Function],
  "queryAllByRole": [Function],
  "queryAllByTestId": [Function],
  "queryAllByText": [Function],
  "queryAllByTitle": [Function],
  "queryByAltText": [Function],
  "queryByDisplayValue": [Function],
  "queryByLabelText": [Function],
  "queryByPlaceholderText": [Function],
  "queryByRole": [Function],
  "queryByTestId": [Function],
  "queryByText": [Function],
  "queryByTitle": [Function],
  "rerender": [Function],
  "unmount": [Function],
}
`;
